2025-05-14 22:02:45,052 INFO o.a.j.u.JMeterUtils: Setting Locale to zh_CN
2025-05-14 22:02:45,069 INFO o.a.j.JMeter: Loading user properties from: D:\apache-jmeter-5.6.3\bin\user.properties
2025-05-14 22:02:45,070 INFO o.a.j.JMeter: Loading system properties from: D:\apache-jmeter-5.6.3\bin\system.properties
2025-05-14 22:02:45,078 INFO o.a.j.JMeter: Copyright (c) 1998-2024 The Apache Software Foundation
2025-05-14 22:02:45,078 INFO o.a.j.JMeter: Version 5.6.3
2025-05-14 22:02:45,078 INFO o.a.j.JMeter: java.version=1.8.0_401
2025-05-14 22:02:45,078 INFO o.a.j.JMeter: java.vm.name=Java HotSpot(TM) 64-Bit Server VM
2025-05-14 22:02:45,078 INFO o.a.j.JMeter: os.name=Windows 11
2025-05-14 22:02:45,078 INFO o.a.j.JMeter: os.arch=amd64
2025-05-14 22:02:45,078 INFO o.a.j.JMeter: os.version=10.0
2025-05-14 22:02:45,078 INFO o.a.j.JMeter: file.encoding=GBK
2025-05-14 22:02:45,078 INFO o.a.j.JMeter: java.awt.headless=null
2025-05-14 22:02:45,078 INFO o.a.j.JMeter: Max memory     =1073741824
2025-05-14 22:02:45,078 INFO o.a.j.JMeter: Available Processors =16
2025-05-14 22:02:45,086 INFO o.a.j.JMeter: Default Locale=English (EN)
2025-05-14 22:02:45,086 INFO o.a.j.JMeter: JMeter  Locale=Chinese (China)
2025-05-14 22:02:45,086 INFO o.a.j.JMeter: JMeterHome=D:\apache-jmeter-5.6.3
2025-05-14 22:02:45,086 INFO o.a.j.JMeter: user.dir  =C:\Users\bfs\Desktop\Redis\ʵսƪ\hm-dianping
2025-05-14 22:02:45,086 INFO o.a.j.JMeter: PWD       =C:\Users\bfs\Desktop\Redis\ʵսƪ\hm-dianping
2025-05-14 22:02:45,087 INFO o.a.j.JMeter: IP: 192.168.1.106 Name: Victory FullName: Victory
2025-05-14 22:02:45,111 INFO o.a.j.JMeter: Loaded icon properties from org/apache/jmeter/images/icon.properties
2025-05-14 22:02:45,323 INFO o.a.j.JMeterGuiLauncher: Setting LAF to: com.github.weisj.darklaf.DarkLaf:com.github.weisj.darklaf.theme.DarculaTheme
